------------------------------------------------------------
Timing Analyzer Summary
------------------------------------------------------------

Type  : Slow 1100mV 100C Model Setup 'clkin'
Slack : -7.808
TNS   : -1118.137

Type  : Slow 1100mV 100C Model Hold 'clkin'
Slack : 0.421
TNS   : 0.000

Type  : Slow 1100mV 100C Model Minimum Pulse Width 'clkin'
Slack : -0.538
TNS   : -177.708

Type  : Slow 1100mV -40C Model Setup 'clkin'
Slack : -8.268
TNS   : -1113.406

Type  : Slow 1100mV -40C Model Hold 'clkin'
Slack : 0.447
TNS   : 0.000

Type  : Slow 1100mV -40C Model Minimum Pulse Width 'clkin'
Slack : -0.538
TNS   : -189.787

Type  : Fast 1100mV 100C Model Setup 'clkin'
Slack : -3.400
TNS   : -444.552

Type  : Fast 1100mV 100C Model Hold 'clkin'
Slack : 0.180
TNS   : 0.000

Type  : Fast 1100mV 100C Model Minimum Pulse Width 'clkin'
Slack : -0.095
TNS   : -20.007

Type  : Fast 1100mV -40C Model Setup 'clkin'
Slack : -2.844
TNS   : -363.780

Type  : Fast 1100mV -40C Model Hold 'clkin'
Slack : 0.166
TNS   : 0.000

Type  : Fast 1100mV -40C Model Minimum Pulse Width 'clkin'
Slack : -0.094
TNS   : -19.829

------------------------------------------------------------
